
Memory Configuration

Name             Origin             Length             Attributes
*default*        0x0000000000000000 0xffffffffffffffff

Linker script and memory map


.memory         0x0000000000000000      0x62c
                0x0000000000000000                . = 0x0
 start*(.text)
 *(.text)
 .text          0x0000000000000000       0xc4 firmware/start_mini.o
                0x0000000000000084                add_ret
 .text          0x00000000000000c4      0x568 tests/add.o
                0x00000000000000c4                add
 *(*)
 .data          0x000000000000062c        0x0 firmware/start_mini.o
 .bss           0x000000000000062c        0x0 firmware/start_mini.o
 .rela.text     0x000000000000062c        0x0 firmware/start_mini.o
 .data          0x000000000000062c        0x0 tests/add.o
 .bss           0x000000000000062c        0x0 tests/add.o
                0x000000000000062c                end = .
LOAD firmware/start_mini.o
LOAD tests/add.o
LOAD /opt/riscv32i/lib/gcc/riscv32-unknown-elf/6.1.0/libgcc.a
OUTPUT(firmware/firmware_mini.elf elf32-littleriscv)
